C51 COMPILER V8.02   GLCD_TEST                                                             10/12/2013 18:02:49 PAGE 1   


C51 COMPILER V8.02, COMPILATION OF MODULE GLCD_TEST
OBJECT MODULE PLACED IN glcd_test.OBJ
COMPILER INVOKED BY: C:\Keil\C51\BIN\C51.EXE glcd_test.c BROWSE DEBUG OBJECTEXTEND

line level    source

   1          #include <reg52.h>
   2          #include "glcd.h"
   3          
   4          void draw(){
   5   1              draw_line(0,0,127,63);
   6   1              set_dot(0,32);
   7   1      }
   8          
   9          void main(){
  10   1              lcd_init();
  11   1              first_page();
  12   1              draw();
  13   1              while(1);
  14   1      }


MODULE INFORMATION:   STATIC OVERLAYABLE
   CODE SIZE        =     29    ----
   CONSTANT SIZE    =   ----    ----
   XDATA SIZE       =   ----    ----
   PDATA SIZE       =   ----    ----
   DATA SIZE        =   ----    ----
   IDATA SIZE       =   ----    ----
   BIT SIZE         =   ----    ----
END OF MODULE INFORMATION.


C51 COMPILATION COMPLETE.  0 WARNING(S),  0 ERROR(S)
